// Jest Snapshot v1, https://goo.gl/fbAQLP

exports[`Message renders with data correctly 1`] = `
<div
  className="message"
>
  <div
    className="avatar-wrapper"
  >
    <img
      alt="placeholder-avatar"
      className="avatar"
      src="http://via.placeholder.com/50"
      srcSet="http://via.placeholder.com/50 1x, http://via.placeholder.com/100 2x, http://via.placeholder.com/150 3x"
    />
  </div>
  <div
    className="message-wrapper"
  >
    <div
      className="message-body"
    >
      <div
        className="message-body-wrapper"
      >
        <p
          className="message-copy"
        >
          Example Message
        </p>
        <button
          className="edit-button"
          onClick={[Function]}
        >
          <svg
            height="15"
            viewBox="0 0 1792 1792"
            width="15"
            xmlns="http://www.w3.org/2000/svg"
          >
            <path
              d="M491 1536l91-91-235-235-91 91v107h128v128h107zm523-928q0-22-22-22-10 0-17 7l-542 542q-7 7-7 17 0 22 22 22 10 0 17-7l542-542q7-7 7-17zm-54-192l416 416-832 832h-416v-416zm683 96q0 53-37 90l-166 166-416-416 166-165q36-38 90-38 53 0 91 38l235 234q37 39 37 91z"
            />
          </svg>
        </button>
        <Apollo(DeleteButton) />
      </div>
      <div
        className="date"
      >
        <p>
          06
          /
          05
          /
          2018
           
          20
          :
          34
        </p>
      </div>
    </div>
  </div>
</div>
`;
